\BOOKMARK [1][-]{section.1}{\376\377\000I\000n\000t\000r\000o\000d\000u\000c\000t\000i\000o\000n}{}% 1
\BOOKMARK [1][-]{section.2}{\376\377\000P\000o\000w\000e\000r\000\040\000F\000l\000o\000w\000\040\000A\000g\000e\000n\000t\000s\000:\000\040\000D\000e\000s\000i\000g\000n\000\040\000P\000h\000i\000l\000o\000s\000o\000p\000h\000y\000\040\000a\000n\000d\000\040\000T\000e\000c\000h\000n\000i\000c\000a\000l\000\040\000F\000r\000a\000m\000e\000w\000o\000r\000k}{}% 2
\BOOKMARK [2][-]{subsection.2.1}{\376\377\000D\000e\000s\000i\000g\000n\000\040\000P\000h\000i\000l\000o\000s\000o\000p\000h\000y}{section.2}% 3
\BOOKMARK [2][-]{subsection.2.2}{\376\377\000T\000e\000c\000h\000n\000i\000c\000a\000l\000\040\000F\000r\000a\000m\000e\000w\000o\000r\000k}{section.2}% 4
\BOOKMARK [2][-]{subsection.2.3}{\376\377\000D\000e\000s\000i\000g\000n\000\040\000o\000f\000\040\000F\000u\000n\000c\000t\000i\000o\000n\000a\000l\000\040\000M\000o\000d\000u\000l\000e\000s}{section.2}% 5
\BOOKMARK [3][-]{subsubsection.2.3.1}{\376\377\000I\000n\000t\000e\000n\000t\000\040\000P\000a\000r\000s\000i\000n\000g}{subsection.2.3}% 6
\BOOKMARK [3][-]{subsubsection.2.3.2}{\376\377\000K\000n\000o\000w\000l\000e\000d\000g\000e\000\040\000R\000e\000t\000r\000i\000e\000v\000a\000l}{subsection.2.3}% 7
\BOOKMARK [3][-]{subsubsection.2.3.3}{\376\377\000T\000o\000o\000l\000\040\000E\000x\000e\000c\000u\000t\000i\000o\000n}{subsection.2.3}% 8
\BOOKMARK [3][-]{subsubsection.2.3.4}{\376\377\000S\000t\000r\000u\000c\000t\000u\000r\000e\000d\000\040\000R\000e\000p\000o\000r\000t\000i\000n\000g}{subsection.2.3}% 9
\BOOKMARK [1][-]{section.3}{\376\377\000S\000e\000l\000f\000-\000e\000v\000o\000l\000u\000t\000i\000o\000n\000\040\000a\000n\000d\000\040\000A\000I\000-\000a\000s\000s\000i\000s\000t\000e\000d\000\040\000F\000i\000x\000i\000n\000g\000\040\000M\000e\000c\000h\000a\000n\000i\000s\000m}{}% 10
\BOOKMARK [2][-]{subsection.3.1}{\376\377\000S\000e\000l\000f\000-\000e\000v\000o\000l\000u\000t\000i\000o\000n\000\040\000M\000e\000c\000h\000a\000n\000i\000s\000m}{section.3}% 11
\BOOKMARK [3][-]{subsubsection.3.1.1}{\376\377\000D\000e\000v\000e\000l\000o\000p\000m\000e\000n\000t\000\040\000S\000t\000a\000g\000e}{subsection.3.1}% 12
\BOOKMARK [3][-]{subsubsection.3.1.2}{\376\377\000D\000e\000p\000l\000o\000y\000m\000e\000n\000t\000\040\000S\000t\000a\000g\000e}{subsection.3.1}% 13
\BOOKMARK [3][-]{subsubsection.3.1.3}{\376\377\000F\000a\000i\000l\000u\000r\000e\000\040\000A\000t\000t\000r\000i\000b\000u\000t\000i\000o\000n}{subsection.3.1}% 14
\BOOKMARK [3][-]{subsubsection.3.1.4}{\376\377\000P\000r\000o\000f\000i\000l\000e\000\040\000U\000p\000d\000a\000t\000e}{subsection.3.1}% 15
\BOOKMARK [2][-]{subsection.3.2}{\376\377\000A\000I\000-\000A\000s\000s\000i\000s\000t\000e\000d\000\040\000F\000i\000x\000i\000n\000g\000\040\000L\000o\000o\000p}{section.3}% 16
\BOOKMARK [3][-]{subsubsection.3.2.1}{\376\377\000C\000o\000n\000t\000e\000x\000t\000\040\000A\000s\000s\000e\000m\000b\000l\000y}{subsection.3.2}% 17
\BOOKMARK [3][-]{subsubsection.3.2.2}{\376\377\000R\000e\000p\000a\000i\000r\000\040\000a\000n\000d\000\040\000V\000a\000l\000i\000d\000a\000t\000i\000o\000n}{subsection.3.2}% 18
\BOOKMARK [3][-]{subsubsection.3.2.3}{\376\377\000T\000e\000r\000m\000i\000n\000a\000t\000i\000o\000n\000\040\000a\000n\000d\000\040\000R\000e\000c\000o\000r\000d\000i\000n\000g}{subsection.3.2}% 19
\BOOKMARK [1][-]{section.4}{\376\377\000E\000v\000a\000l\000u\000a\000t\000i\000o\000n\000\040\000M\000e\000t\000r\000i\000c\000s\000\040\000a\000n\000d\000\040\000F\000r\000a\000m\000e\000w\000o\000r\000k}{}% 20
\BOOKMARK [2][-]{subsection.4.1}{\376\377\000M\000e\000t\000r\000i\000c\000s}{section.4}% 21
\BOOKMARK [3][-]{subsubsection.4.1.1}{\376\377\000F\000o\000r\000m\000a\000t\000\040\000\050\0001\0000\000\040\000p\000o\000i\000n\000t\000s\000\051}{subsection.4.1}% 22
\BOOKMARK [3][-]{subsubsection.4.1.2}{\376\377\000G\000r\000o\000u\000n\000d\000i\000n\000g\000\040\000\050\0002\0005\000\040\000p\000o\000i\000n\000t\000s\000\051}{subsection.4.1}% 23
\BOOKMARK [3][-]{subsubsection.4.1.3}{\376\377\000C\000o\000n\000t\000i\000n\000u\000i\000t\000y\000\040\000\050\0001\0005\000\040\000p\000o\000i\000n\000t\000s\000\051}{subsection.4.1}% 24
\BOOKMARK [3][-]{subsubsection.4.1.4}{\376\377\000E\000x\000e\000c\000u\000t\000i\000o\000n\000\040\000\050\0002\0000\000\040\000p\000o\000i\000n\000t\000s\000\051}{subsection.4.1}% 25
\BOOKMARK [3][-]{subsubsection.4.1.5}{\376\377\000N\000u\000m\000e\000r\000i\000c\000a\000l\000\040\000C\000o\000n\000s\000i\000s\000t\000e\000n\000c\000y\000\040\000\050\0002\0005\000\040\000p\000o\000i\000n\000t\000s\000\051}{subsection.4.1}% 26
\BOOKMARK [3][-]{subsubsection.4.1.6}{\376\377\000O\000u\000t\000p\000u\000t\000\040\000Q\000u\000a\000l\000i\000t\000y\000\040\000\050\0005\000\040\000p\000o\000i\000n\000t\000s\000\051}{subsection.4.1}% 27
\BOOKMARK [3][-]{subsubsection.4.1.7}{\376\377\000A\000g\000g\000r\000e\000g\000a\000t\000i\000o\000n}{subsection.4.1}% 28
\BOOKMARK [2][-]{subsection.4.2}{\376\377\000A\000b\000l\000a\000t\000i\000o\000n\000\040\000P\000l\000a\000n}{section.4}% 29
\BOOKMARK [1][-]{section.5}{\376\377\000C\000a\000s\000e\000\040\000S\000t\000u\000d\000y}{}% 30
\BOOKMARK [2][-]{subsection.5.1}{\376\377\000D\000e\000l\000i\000v\000e\000r\000e\000d\000\040\000P\000l\000a\000t\000f\000o\000r\000m}{section.5}% 31
\BOOKMARK [2][-]{subsection.5.2}{\376\377\000S\000t\000u\000d\000y\000\040\000S\000e\000t\000u\000p}{section.5}% 32
\BOOKMARK [3][-]{subsubsection.5.2.1}{\376\377\000B\000e\000n\000c\000h\000m\000a\000r\000k\000\040\000S\000u\000i\000t\000e}{subsection.5.2}% 33
\BOOKMARK [3][-]{subsubsection.5.2.2}{\376\377\000C\000a\000s\000e\000\040\000F\000a\000m\000i\000l\000i\000e\000s\000\040\000a\000n\000d\000\040\000S\000o\000u\000r\000c\000e\000s}{subsection.5.2}% 34
\BOOKMARK [3][-]{subsubsection.5.2.3}{\376\377\000T\000a\000s\000k\000\040\000T\000y\000p\000e\000s}{subsection.5.2}% 35
\BOOKMARK [3][-]{subsubsection.5.2.4}{\376\377\000A\000g\000e\000n\000t\000\040\000M\000o\000d\000e\000s}{subsection.5.2}% 36
\BOOKMARK [3][-]{subsubsection.5.2.5}{\376\377\000S\000e\000l\000f\000-\000E\000v\000o\000l\000u\000t\000i\000o\000n\000\040\000C\000o\000m\000p\000a\000r\000i\000s\000o\000n}{subsection.5.2}% 37
\BOOKMARK [2][-]{subsection.5.3}{\376\377\000R\000e\000s\000u\000l\000t\000s}{section.5}% 38
\BOOKMARK [3][-]{subsubsection.5.3.1}{\376\377\0001\0000\0000\000-\000S\000c\000e\000n\000a\000r\000i\000o\000\040\000B\000e\000n\000c\000h\000m\000a\000r\000k}{subsection.5.3}% 39
\BOOKMARK [3][-]{subsubsection.5.3.2}{\376\377\000T\000u\000r\000n\000-\000L\000e\000v\000e\000l\000\040\000A\000n\000a\000l\000y\000s\000i\000s}{subsection.5.3}% 40
\BOOKMARK [3][-]{subsubsection.5.3.3}{\376\377\000D\000i\000m\000e\000n\000s\000i\000o\000n\000-\000L\000e\000v\000e\000l\000\040\000A\000n\000a\000l\000y\000s\000i\000s}{subsection.5.3}% 41
\BOOKMARK [3][-]{subsubsection.5.3.4}{\376\377\000F\000a\000i\000l\000u\000r\000e\000\040\000A\000n\000a\000l\000y\000s\000i\000s}{subsection.5.3}% 42
\BOOKMARK [3][-]{subsubsection.5.3.5}{\376\377\000F\000a\000m\000i\000l\000y\000-\000L\000e\000v\000e\000l\000\040\000A\000n\000a\000l\000y\000s\000i\000s}{subsection.5.3}% 43
\BOOKMARK [3][-]{subsubsection.5.3.6}{\376\377\000S\000e\000l\000f\000-\000E\000v\000o\000l\000u\000t\000i\000o\000n\000\040\000E\000f\000f\000e\000c\000t}{subsection.5.3}% 44
\BOOKMARK [2][-]{subsection.5.4}{\376\377\000D\000i\000s\000c\000u\000s\000s\000i\000o\000n}{section.5}% 45
\BOOKMARK [3][-]{subsubsection.5.4.1}{\376\377\000R\000e\000t\000r\000i\000e\000v\000a\000l\000\040\000a\000s\000\040\000t\000h\000e\000\040\000D\000o\000m\000i\000n\000a\000n\000t\000\040\000F\000a\000c\000t\000o\000r}{subsection.5.4}% 46
\BOOKMARK [3][-]{subsubsection.5.4.2}{\376\377\000M\000u\000l\000t\000i\000-\000T\000u\000r\000n\000\040\000C\000o\000n\000t\000i\000n\000u\000i\000t\000y\000\040\000a\000s\000\040\000a\000\040\000D\000i\000f\000f\000e\000r\000e\000n\000t\000i\000a\000t\000o\000r}{subsection.5.4}% 47
\BOOKMARK [3][-]{subsubsection.5.4.3}{\376\377\000S\000e\000l\000f\000-\000E\000v\000o\000l\000u\000t\000i\000o\000n\000\040\000w\000i\000t\000h\000o\000u\000t\000\040\000R\000e\000t\000r\000a\000i\000n\000i\000n\000g}{subsection.5.4}% 48
\BOOKMARK [1][-]{section.6}{\376\377\000C\000o\000n\000c\000l\000u\000s\000i\000o\000n}{}% 49
\BOOKMARK [1][-]{section*.11}{\376\377\000R\000e\000f\000e\000r\000e\000n\000c\000e\000s}{}% 50
